
> frontend@0.1.0 dev
> next dev

[baseline-browser-mapping] The data in this module is over two months old.  To ensure accurate Baseline data, please update: `npm i baseline-browser-mapping@latest -D`
   ▲ Next.js 16.0.3 (Turbopack)
   - Local:         http://localhost:3000
   - Network:       http://192.168.1.15:3000
   - Environments: .env.local

 ✓ Starting...
 ✓ Ready in 961ms
 ○ Compiling /admin ...
 ⨯ Error: The default export is not a React Component in "/admin/page"
    at ignore-listed frames
 ⨯ Error: The default export is not a React Component in "/admin/page"
    at ignore-listed frames {
  page: '/admin'
}
 GET /admin 500 in 10.5s (compile: 10.4s, render: 161ms)
 ⨯ Error: The default export is not a React Component in "/admin/page"
    at ignore-listed frames
 ⨯ Error: The default export is not a React Component in "/admin/page"
    at ignore-listed frames {
  page: '/admin'
}
 GET /admin 500 in 757ms (compile: 741ms, render: 16ms)
 GET /pengelola/lokasi 200 in 1079ms (compile: 517ms, render: 562ms)
 GET / 200 in 1229ms (compile: 822ms, render: 408ms)
 GET /galeri/media3.jpg 404 in 1043ms (compile: 812ms, render: 230ms)
 GET /galeri/media1.jpg 404 in 1542ms (compile: 1058ms, render: 484ms)
 GET /galeri/media2.jpg 404 in 1530ms (compile: 1129ms, render: 401ms)
 GET / 200 in 119ms (compile: 7ms, render: 112ms)
 ⨯ Error: The default export is not a React Component in "/admin/page"
    at ignore-listed frames
 ⨯ Error: The default export is not a React Component in "/admin/page"
    at ignore-listed frames {
  page: '/admin'
}
 GET /admin 500 in 731ms (compile: 716ms, render: 15ms)
 ⨯ Error: The default export is not a React Component in "/admin/page"
    at ignore-listed frames
 ⨯ Error: The default export is not a React Component in "/admin/page"
    at ignore-listed frames {
  page: '/admin'
}
 GET /admin 500 in 641ms (compile: 632ms, render: 9ms)
 GET / 200 in 61ms (compile: 11ms, render: 49ms)
 GET /galeri/media2.jpg 404 in 166ms (compile: 10ms, render: 156ms)
 GET /galeri/media1.jpg 404 in 167ms (compile: 3ms, render: 164ms)
 GET /galeri/media3.jpg 404 in 41ms (compile: 2ms, render: 39ms)
 GET /galeri/media2.jpg 404 in 81ms (compile: 27ms, render: 54ms)
 GET /galeri/media1.jpg 404 in 84ms (compile: 8ms, render: 76ms)
 GET / 200 in 162ms (compile: 16ms, render: 146ms)
 GET /galeri/media3.jpg 404 in 40ms (compile: 4ms, render: 35ms)
 GET / 200 in 129ms (compile: 4ms, render: 125ms)
 GET /galeri/media1.jpg 404 in 75ms (compile: 8ms, render: 67ms)
 GET /galeri/media2.jpg 404 in 76ms (compile: 22ms, render: 54ms)
 GET /galeri/media3.jpg 404 in 45ms (compile: 8ms, render: 36ms)
